// Jest Snapshot v1, https://goo.gl/fbAQLP

exports[`UserHostWorkingDir rendering it renders against shallow snapshot 1`] = `
<Fragment>
  <TokensFlexItem
    component="span"
    grow={false}
  >
    <DraggableBadge
      contextId="context-123"
      eventId="event-123"
      field="user.name"
      iconType="user"
      timelineId="timeline-1"
      value="[userName-123]"
    />
  </TokensFlexItem>
  <TokensFlexItem
    component="span"
    data-test-subj="user-host-working-dir-domain-separator-text"
    grow={false}
  >
    \\
  </TokensFlexItem>
  <TokensFlexItem
    component="span"
    grow={false}
  >
    <DraggableBadge
      contextId="context-123"
      eventId="event-123"
      field="user.domain"
      timelineId="timeline-1"
      value="[userDomain-123]"
    />
  </TokensFlexItem>
  <TokensFlexItem
    component="span"
    grow={false}
  >
    @
  </TokensFlexItem>
  <HostWorkingDir
    contextId="context-123"
    eventId="event-123"
    hostName="[hostName-123]"
    timelineId="timeline-1"
    workingDirectory="[working-directory-123]"
  />
</Fragment>
`;
